\BOOKMARK [1][-]{section.1}{\376\377\000G\000i\036\333\000i\000\040\000T\000h\000i\036\307\000u\000\040\000\046\000\040\000P\000h\000\342\000n\000\040\000T\000\355\000c\000h\000\040\000Y\000\352\000u\000\040\000C\036\247\000u}{}% 1
\BOOKMARK [2][-]{subsection.1.1}{\376\377\000G\000i\036\333\000i\000\040\000t\000h\000i\036\307\000u}{section.1}% 2
\BOOKMARK [2][-]{subsection.1.2}{\376\377\000P\000h\000\342\000n\000\040\000t\000\355\000c\000h\000\040\000y\000\352\000u\000\040\000c\036\247\000u}{section.1}% 3
\BOOKMARK [1][-]{section.2}{\376\377\000C\000\364\000n\000g\000\040\000N\000g\000h\036\307\000\040\000G\000a\000t\000e\000w\000a\000y\000\040\000v\000\340\000\040\000t\000h\000i\036\277\000t\000\040\000b\036\313\000\040\000T\000r\000o\000n\000g\000\040\000D\036\361\000\040\000\301\000n\000\040\000Y\000o\000l\000o\000:\000H\000o\000m\000e}{}% 4
\BOOKMARK [2][-]{subsection.2.1}{\376\377\000\040\000B\036\331\000\040\000X\036\355\000\040\000L\000\375\000\040\000T\000r\000u\000n\000g\000\040\000T\000\342\000m\000\040\000-\000\040\000Y\000o\000l\000o\000:\000B\000i\000t}{section.2}% 5
\BOOKMARK [2][-]{subsection.2.2}{\376\377\000\040\000M\000\364\000i\000\040\000t\000r\001\260\036\335\000n\000g\000\040\000l\036\255\000p\000\040\000t\000r\000\354\000n\000h\000\040\000-\000\040\000O\000h\000S\000t\000e\000m\000\040\000A\000p\000p}{section.2}% 6
\BOOKMARK [2][-]{subsection.2.3}{\376\377\000\040\000H\036\307\000\040\000T\000h\036\321\000n\000g\000\040\000C\036\243\000m\000\040\000B\000i\036\277\000n\000\040\000\050\001\020\036\247\000u\000\040\000V\000\340\000o\000\051}{section.2}% 7
\BOOKMARK [2][-]{subsection.2.4}{\376\377\000\040\000H\036\307\000\040\000T\000h\036\321\000n\000g\000\040\000H\000i\036\303\000n\000\040\000T\000h\036\313\000\040\000\050\001\020\036\247\000u\000\040\000R\000a\000\051}{section.2}% 8
\BOOKMARK [2][-]{subsection.2.5}{\376\377\000\040\000H\036\307\000\040\000T\000h\036\321\000n\000g\000\040\001\020\000i\036\301\000u\000\040\000K\000h\000i\036\303\000n\000\040\000\050\001\020\036\247\000u\000\040\000R\000a\000\051}{section.2}% 9
\BOOKMARK [2][-]{subsection.2.6}{\376\377\000\040\000H\036\307\000\040\000t\000h\036\321\000n\000g\000\040\000M\000Q\000T\000T\000\040\000S\000e\000r\000v\000e\000r\000\040\000v\000\340\000\040\000A\000I\000\040\000t\036\361\000\040\000x\000\342\000y\000\040\000d\036\361\000n\000g}{section.2}% 10
\BOOKMARK [3][-]{subsubsection.2.6.1}{\376\377\000T\000\354\000m\000\040\000h\000i\036\303\000u\000\040\000c\000\364\000n\000g\000\040\000n\000g\000h\036\307\000\040\000M\000Q\000T\000T\000\040\000B\000r\000o\000k\000e\000r\000\040\000-\000\040\000E\000c\000l\000i\000p\000s\000e\000\040\000M\000o\000s\000q\000u\000i\000t\000t\000o}{subsection.2.6}% 11
\BOOKMARK [1][-]{section.3}{\376\377\000C\000\364\000n\000g\000\040\000N\000g\000h\036\307\000\040\000W\000e\000b\000s\000i\000t\000e\000\040\000T\000r\000o\000n\000g\000\040\000D\036\361\000\040\000\301\000n\000\040\000Y\000o\000l\000o\000:\000H\000o\000m\000e}{}% 12
\BOOKMARK [2][-]{subsection.3.1}{\376\377\000F\000r\000o\000n\000t\000e\000n\000d}{section.3}% 13
\BOOKMARK [2][-]{subsection.3.2}{\376\377\000B\000a\000c\000k\000e\000n\000d}{section.3}% 14
\BOOKMARK [3][-]{subsubsection.3.2.1}{\376\377\000C\000\364\000n\000g\000\040\000n\000g\000h\036\307\000\040\000M\000o\000n\000g\000o\000D\000B}{subsection.3.2}% 15
\BOOKMARK [3][-]{subsubsection.3.2.2}{\376\377\000C\000\364\000n\000g\000\040\000n\000g\000h\036\307\000\040\000D\000e\000c\000i\000s\000i\000o\000n\000\040\000T\000r\000e\000e\000\040\000t\000r\000o\000n\000g\000\040\001\021\000i\036\301\000u\000\040\000k\000h\000i\036\303\000n\000\040\000r\000\350\000m\000\040\000t\000h\000\364\000n\000g\000\040\000m\000i\000n\000h}{subsection.3.2}% 16
\BOOKMARK [1][-]{section.4}{\376\377\000T\000h\000i\036\277\000t\000\040\000k\036\277}{}% 17
\BOOKMARK [2][-]{subsection.4.1}{\376\377\000T\000h\000i\036\277\000t\000\040\000k\036\277\000\040\000t\036\325\000n\000g\000\040\000t\000h\036\303}{section.4}% 18
\BOOKMARK [3][-]{subsubsection.4.1.1}{\376\377\000K\000i\036\277\000n\000\040\000t\000r\000\372\000c\000\040\000t\036\325\000n\000g\000\040\000t\000h\036\303}{subsection.4.1}% 19
\BOOKMARK [3][-]{subsubsection.4.1.2}{\376\377\000L\000u\036\323\000n\000g\000\040\000h\000o\036\241\000t\000\040\001\021\036\331\000n\000g\000\040\000c\000h\000\355\000n\000h}{subsection.4.1}% 20
\BOOKMARK [2][-]{subsection.4.2}{\376\377\000M\000o\000d\000u\000l\000e\000\040\0001\000\040\040\024\000\040\001\020\000o\000\040\001\021\036\241\000c\000\040\000v\000\340\000\040\000h\000i\036\303\000n\000\040\000t\000h\036\313\000\040\000m\000\364\000i\000\040\000t\000r\001\260\036\335\000n\000g}{section.4}% 21
\BOOKMARK [3][-]{subsubsection.4.2.1}{\376\377\000M\036\345\000c\000\040\000t\000i\000\352\000u}{subsection.4.2}% 22
\BOOKMARK [3][-]{subsubsection.4.2.2}{\376\377\000L\000u\036\323\000n\000g\000\040\000x\036\355\000\040\000l\000\375}{subsection.4.2}% 23
\BOOKMARK [3][-]{subsubsection.4.2.3}{\376\377\000H\036\241\000n\000\040\000c\000h\036\277\000\040\000v\000\340\000\040\000h\001\260\036\333\000n\000g\000\040\000p\000h\000\341\000t\000\040\000t\000r\000i\036\303\000n}{subsection.4.2}% 24
\BOOKMARK [2][-]{subsection.4.3}{\376\377\000M\000o\000d\000u\000l\000e\000\040\0002\000\040\040\024\000\040\000T\036\361\000\040\001\021\036\331\000n\000g\000\040\000h\000\363\000a\000\040\000v\000\340\000\040\000c\036\243\000n\000h\000\040\000b\000\341\000o\000\040\000n\000g\001\260\036\341\000n\000g}{section.4}% 25
\BOOKMARK [3][-]{subsubsection.4.3.1}{\376\377\000M\036\345\000c\000\040\000t\000i\000\352\000u}{subsection.4.3}% 26
\BOOKMARK [3][-]{subsubsection.4.3.2}{\376\377\000L\000u\036\323\000n\000g\000\040\000x\036\355\000\040\000l\000\375}{subsection.4.3}% 27
\BOOKMARK [3][-]{subsubsection.4.3.3}{\376\377\000T\000r\036\241\000n\000g\000\040\000t\000h\000\341\000i\000\040\000c\000\340\000i\000\040\001\021\036\267\000t}{subsection.4.3}% 28
\BOOKMARK [3][-]{subsubsection.4.3.4}{\376\377\000H\036\241\000n\000\040\000c\000h\036\277\000\040\000v\000\340\000\040\000h\001\260\036\333\000n\000g\000\040\000p\000h\000\341\000t\000\040\000t\000r\000i\036\303\000n}{subsection.4.3}% 29
\BOOKMARK [2][-]{subsection.4.4}{\376\377\000M\000o\000d\000u\000l\000e\000\040\0003\000\040\040\024\000\040\000G\000i\000a\000o\000\040\000d\000i\036\307\000n\000\040\001\021\000i\036\301\000u\000\040\000k\000h\000i\036\303\000n\000\040\000t\000h\000i\036\277\000t\000\040\000b\036\313}{section.4}% 30
\BOOKMARK [3][-]{subsubsection.4.4.1}{\376\377\000M\036\345\000c\000\040\000t\000i\000\352\000u}{subsection.4.4}% 31
\BOOKMARK [3][-]{subsubsection.4.4.2}{\376\377\000L\000u\036\323\000n\000g\000\040\000x\036\355\000\040\000l\000\375}{subsection.4.4}% 32
\BOOKMARK [3][-]{subsubsection.4.4.3}{\376\377\000T\000r\036\241\000n\000g\000\040\000t\000h\000\341\000i\000\040\000c\000\340\000i\000\040\001\021\036\267\000t}{subsection.4.4}% 33
\BOOKMARK [3][-]{subsubsection.4.4.4}{\376\377\000H\036\241\000n\000\040\000c\000h\036\277\000\040\000v\000\340\000\040\000h\001\260\036\333\000n\000g\000\040\000p\000h\000\341\000t\000\040\000t\000r\000i\036\303\000n}{subsection.4.4}% 34
\BOOKMARK [2][-]{subsection.4.5}{\376\377\000M\000o\000d\000u\000l\000e\000\040\0004\000\040\040\024\000\040\000L\001\260\000u\000\040\000t\000r\036\357\000\040\000l\036\313\000c\000h\000\040\000s\036\355\000\040\000v\000\340\000\040\000g\000h\000i\000\040\000s\036\361\000\040\000k\000i\036\307\000n}{section.4}% 35
\BOOKMARK [3][-]{subsubsection.4.5.1}{\376\377\000M\036\345\000c\000\040\000t\000i\000\352\000u}{subsection.4.5}% 36
\BOOKMARK [3][-]{subsubsection.4.5.2}{\376\377\000L\000u\036\323\000n\000g\000\040\000x\036\355\000\040\000l\000\375}{subsection.4.5}% 37
\BOOKMARK [3][-]{subsubsection.4.5.3}{\376\377\000T\000r\036\241\000n\000g\000\040\000t\000h\000\341\000i\000\040\000c\000\340\000i\000\040\001\021\036\267\000t}{subsection.4.5}% 38
\BOOKMARK [3][-]{subsubsection.4.5.4}{\376\377\000H\036\241\000n\000\040\000c\000h\036\277\000\040\000v\000\340\000\040\000h\001\260\036\333\000n\000g\000\040\000p\000h\000\341\000t\000\040\000t\000r\000i\036\303\000n}{subsection.4.5}% 39
\BOOKMARK [2][-]{subsection.4.6}{\376\377\000M\000o\000d\000u\000l\000e\000\040\0005\000\040\040\024\000\040\001\020\000i\036\301\000u\000\040\000k\000h\000i\036\303\000n\000\040\000b\036\261\000n\000g\000\040\000g\000i\036\315\000n\000g\000\040\000n\000\363\000i\000\040\000v\000\340\000\040\000g\036\343\000i\000\040\000\375\000\040\000t\000h\000\364\000n\000g\000\040\000m\000i\000n\000h}{section.4}% 40
\BOOKMARK [3][-]{subsubsection.4.6.1}{\376\377\000M\036\345\000c\000\040\000t\000i\000\352\000u}{subsection.4.6}% 41
\BOOKMARK [3][-]{subsubsection.4.6.2}{\376\377\000L\000u\036\323\000n\000g\000\040\000x\036\355\000\040\000l\000\375}{subsection.4.6}% 42
\BOOKMARK [3][-]{subsubsection.4.6.3}{\376\377\000H\036\241\000n\000\040\000c\000h\036\277\000\040\000v\000\340\000\040\000h\001\260\036\333\000n\000g\000\040\000p\000h\000\341\000t\000\040\000t\000r\000i\036\303\000n}{subsection.4.6}% 43
\BOOKMARK [2][-]{subsection.4.7}{\376\377\000T\000h\000i\036\277\000t\000\040\000k\036\277\000\040\000A\000I\000:\000\040\001\020\000i\036\301\000u\000\040\000k\000h\000i\036\303\000n\000\040\000b\036\261\000n\000g\000\040\000g\000i\036\315\000n\000g\000\040\000n\000\363\000i}{section.4}% 44
\BOOKMARK [3][-]{subsubsection.4.7.1}{\376\377\000N\000h\036\255\000n\000\040\000d\000i\036\307\000n\000\040\000g\000i\036\315\000n\000g\000\040\000n\000\363\000i\000\040\000v\036\333\000i\000\040\000V\000o\000s\000k}{subsection.4.7}% 45
\BOOKMARK [3][-]{subsubsection.4.7.2}{\376\377\000P\000h\000\342\000n\000\040\000l\000o\036\241\000i\000\040\000\375\000\040\001\021\036\313\000n\000h\000\040\000\050\000I\000n\000t\000e\000n\000t\000\040\000C\000l\000a\000s\000s\000i\000f\000i\000e\000r\000\051}{subsection.4.7}% 46
\BOOKMARK [2][-]{subsection.4.8}{\376\377\000T\000h\000i\036\277\000t\000\040\000k\036\277\000\040\000A\000I\000:\000\040\000G\036\343\000i\000\040\000\375\000\040\000t\000h\000\364\000n\000g\000\040\000m\000i\000n\000h\000\040\000d\036\361\000a\000\040\000t\000r\000\352\000n\000\040\000d\036\357\000\040\000l\000i\036\307\000u\000\040\000m\000\364\000i\000\040\000t\000r\001\260\036\335\000n\000g}{section.4}% 47
\BOOKMARK [3][-]{subsubsection.4.8.1}{\376\377\000X\000\342\000y\000\040\000d\036\361\000n\000g\000\040\000t\036\255\000p\000\040\000d\036\357\000\040\000l\000i\036\307\000u\000\040\000\050\000D\000a\000t\000a\000s\000e\000t\000\051}{subsection.4.8}% 48
\BOOKMARK [3][-]{subsubsection.4.8.2}{\376\377\000C\036\245\000u\000\040\000t\000r\000\372\000c\000\040\000m\000\364\000\040\000h\000\354\000n\000h}{subsection.4.8}% 49
\BOOKMARK [3][-]{subsubsection.4.8.3}{\376\377\001\020\000\341\000n\000h\000\040\000g\000i\000\341\000\040\000k\036\277\000t\000\040\000q\000u\036\243\000\040\000\050\000E\000v\000a\000l\000u\000a\000t\000i\000o\000n\000\051}{subsection.4.8}% 50
\BOOKMARK [3][-]{subsubsection.4.8.4}{\376\377\000H\001\260\036\333\000n\000g\000\040\000p\000h\000\341\000t\000\040\000t\000r\000i\036\303\000n}{subsection.4.8}% 51
\BOOKMARK [2][-]{subsection.4.9}{\376\377\000Y\000o\000l\000o\000:\000B\000i\000t}{section.4}% 52
\BOOKMARK [3][-]{subsubsection.4.9.1}{\376\377\000G\000i\000a\000i\000\040\001\021\000o\036\241\000n\000\040\000k\000h\036\337\000i\000\040\000t\036\241\000o\000\040\000\050\000I\000n\000i\000t\000i\000a\000l\000i\000z\000a\000t\000i\000o\000n\000\051}{subsection.4.9}% 53
\BOOKMARK [3][-]{subsubsection.4.9.2}{\376\377\000L\000u\036\323\000n\000g\000\040\000t\000h\000u\000\040\000t\000h\036\255\000p\000\040\000d\036\357\000\040\000l\000i\036\307\000u\000\040\000v\000\340\000\040\000G\000i\000a\000o\000\040\000t\000i\036\277\000p\000\040\000S\000e\000r\000i\000a\000l\000\040\000\050\000M\000a\000i\000n\000\040\000L\000o\000o\000p\000\051}{subsection.4.9}% 54
\BOOKMARK [3][-]{subsubsection.4.9.3}{\376\377\000L\000u\036\323\000n\000g\000\040\000x\036\355\000\040\000l\000\375\000\040\000s\036\361\000\040\000k\000i\036\307\000n\000\040\000\050\000E\000v\000e\000n\000t\000\040\000M\000a\000n\000a\000g\000e\000r\000\051}{subsection.4.9}% 55
\BOOKMARK [3][-]{subsubsection.4.9.4}{\376\377\000L\000u\036\323\000n\000g\000\040\001\021\036\323\000n\000g\000\040\000b\036\331\000\040\000t\000r\036\241\000n\000g\000\040\000t\000h\000\341\000i\000\040\001\021\036\313\000n\000h\000\040\000k\036\363\000\040\000\050\000T\000i\000m\000e\000r\000\040\000E\000v\000e\000n\000t\000\051}{subsection.4.9}% 56
\BOOKMARK [2][-]{subsection.4.10}{\376\377\000C\000\341\000c\000\040\000k\000\352\000n\000h\000\040\000g\000i\000a\000o\000\040\000t\000i\036\277\000p}{section.4}% 57
\BOOKMARK [1][-]{section.5}{\376\377\000G\000i\000a\000o\000\040\000d\000i\036\307\000n\000\040\000W\000e\000b\000s\000i\000t\000e\000\040\000d\036\361\000\040\000\341\000n}{}% 58
\BOOKMARK [1][-]{section.6}{\376\377\000K\036\277\000t\000\040\000q\000u\036\243\000\040\000h\000i\036\307\000n\000\040\000t\000h\036\361\000c\000\040\000h\036\307\000\040\000t\000h\036\321\000n\000g}{}% 59
\BOOKMARK [2][-]{subsection.6.1}{\376\377\000M\000o\000d\000u\000l\000e\000\040\0001\000\040\040\024\000\040\000K\036\277\000t\000\040\000q\000u\036\243\000\040\000H\000i\036\307\000n\000\040\000t\000h\036\361\000c\000\040\000M\000o\000d\000u\000l\000e\000\040\001\020\000o\000\040\001\021\036\241\000c\000\040\000v\000\340\000\040\000h\000i\036\303\000n\000\040\000t\000h\036\313\000\040\000m\000\364\000i\000\040\000t\000r\001\260\036\335\000n\000g}{section.6}% 60
\BOOKMARK [2][-]{subsection.6.2}{\376\377\000M\000o\000d\000u\000l\000e\000\040\0002\000\040\040\024\000\040\000K\036\277\000t\000\040\000q\000u\036\243\000\040\000H\000i\036\307\000n\000\040\000t\000h\036\361\000c\000\040\000M\000o\000d\000u\000l\000e\000\040\000T\036\361\000\040\001\021\036\331\000n\000g\000\040\000h\000\363\000a\000\040\000v\000\340\000\040\000c\036\243\000n\000h\000\040\000b\000\341\000o\000\040\000N\000g\001\260\036\341\000n\000g}{section.6}% 61
\BOOKMARK [2][-]{subsection.6.3}{\376\377\000M\000o\000d\000u\000l\000e\000\040\0003\000\040\040\024\000\040\000K\036\277\000t\000\040\000q\000u\036\243\000\040\000H\000i\036\307\000n\000\040\000t\000h\036\361\000c\000\040\000M\000o\000d\000u\000l\000e\000\040\001\020\000i\036\301\000u\000\040\000k\000h\000i\036\303\000n\000\040\000t\000h\000i\036\277\000t\000\040\000b\036\313\000\040\000t\000h\036\347\000\040\000c\000\364\000n\000g}{section.6}% 62
\BOOKMARK [2][-]{subsection.6.4}{\376\377\000M\000o\000d\000u\000l\000e\000\040\0004\000\040\040\024\000\040\000K\036\277\000t\000\040\000q\000u\036\243\000\040\000H\000i\036\307\000n\000\040\000t\000h\036\361\000c\000\040\000M\000o\000d\000u\000l\000e\000\040\000L\001\260\000u\000\040\000t\000r\036\357\000\040\000n\000h\036\255\000t\000\040\000k\000\375\000\040\000v\000\340\000\040\000g\000h\000i\000\040\000n\036\301\000n\000\040\000d\036\357\000\040\000l\000i\036\307\000u}{section.6}% 63
\BOOKMARK [2][-]{subsection.6.5}{\376\377\000M\000o\000d\000u\000l\000e\000\040\0005\000\040\040\024\000\040\000K\036\277\000t\000\040\000q\000u\036\243\000\040\000H\000i\036\307\000n\000\040\000t\000h\036\361\000c\000\040\000M\000o\000d\000u\000l\000e\000\040\001\020\000i\036\301\000u\000\040\000k\000h\000i\036\303\000n\000\040\000b\036\261\000n\000g\000\040\000G\000i\036\315\000n\000g\000\040\000n\000\363\000i}{section.6}% 64
\BOOKMARK [1][-]{section.7}{\376\377\000T\036\325\000n\000g\000\040\000k\036\277\000t\000\040\000d\036\361\000\040\000\341\000n}{}% 65
\BOOKMARK [2][-]{subsection.7.1}{\376\377\000K\036\277\000t\000\040\000q\000u\036\243\000\040\001\021\036\241\000t\000\040\001\021\001\260\036\343\000c}{section.7}% 66
\BOOKMARK [2][-]{subsection.7.2}{\376\377\000H\001\260\036\333\000n\000g\000\040\000p\000h\000\341\000t\000\040\000t\000r\000i\036\303\000n\000\040\000t\001\260\001\241\000n\000g\000\040\000l\000a\000i}{section.7}% 67
